Archive member included to satisfy reference by file (symbol)

c:/st/stm32cubeide_1.2.0/stm32cubeide/plugins/com.st.stm32cube.ide.mcu.externaltools.gnu-tools-for-stm32.7-2018-q2-update.win32_1.0.0.201904181610/tools/bin/../lib/gcc/arm-none-eabi/7.3.1/../../../../arm-none-eabi/lib/thumb/v7e-m/fpv4-sp/hard\libc_nano.a(lib_a-errno.o)
                              Src/syscalls.o (__errno)
c:/st/stm32cubeide_1.2.0/stm32cubeide/plugins/com.st.stm32cube.ide.mcu.externaltools.gnu-tools-for-stm32.7-2018-q2-update.win32_1.0.0.201904181610/tools/bin/../lib/gcc/arm-none-eabi/7.3.1/../../../../arm-none-eabi/lib/thumb/v7e-m/fpv4-sp/hard\libc_nano.a(lib_a-exit.o)
                              c:/st/stm32cubeide_1.2.0/stm32cubeide/plugins/com.st.stm32cube.ide.mcu.externaltools.gnu-tools-for-stm32.7-2018-q2-update.win32_1.0.0.201904181610/tools/bin/../lib/gcc/arm-none-eabi/7.3.1/../../../../arm-none-eabi/lib/thumb/v7e-m/fpv4-sp/hard/crt0.o (exit)
c:/st/stm32cubeide_1.2.0/stm32cubeide/plugins/com.st.stm32cube.ide.mcu.externaltools.gnu-tools-for-stm32.7-2018-q2-update.win32_1.0.0.201904181610/tools/bin/../lib/gcc/arm-none-eabi/7.3.1/../../../../arm-none-eabi/lib/thumb/v7e-m/fpv4-sp/hard\libc_nano.a(lib_a-impure.o)
                              c:/st/stm32cubeide_1.2.0/stm32cubeide/plugins/com.st.stm32cube.ide.mcu.externaltools.gnu-tools-for-stm32.7-2018-q2-update.win32_1.0.0.201904181610/tools/bin/../lib/gcc/arm-none-eabi/7.3.1/../../../../arm-none-eabi/lib/thumb/v7e-m/fpv4-sp/hard\libc_nano.a(lib_a-exit.o) (_global_impure_ptr)
c:/st/stm32cubeide_1.2.0/stm32cubeide/plugins/com.st.stm32cube.ide.mcu.externaltools.gnu-tools-for-stm32.7-2018-q2-update.win32_1.0.0.201904181610/tools/bin/../lib/gcc/arm-none-eabi/7.3.1/../../../../arm-none-eabi/lib/thumb/v7e-m/fpv4-sp/hard\libc_nano.a(lib_a-init.o)
                              c:/st/stm32cubeide_1.2.0/stm32cubeide/plugins/com.st.stm32cube.ide.mcu.externaltools.gnu-tools-for-stm32.7-2018-q2-update.win32_1.0.0.201904181610/tools/bin/../lib/gcc/arm-none-eabi/7.3.1/../../../../arm-none-eabi/lib/thumb/v7e-m/fpv4-sp/hard/crt0.o (__libc_init_array)
c:/st/stm32cubeide_1.2.0/stm32cubeide/plugins/com.st.stm32cube.ide.mcu.externaltools.gnu-tools-for-stm32.7-2018-q2-update.win32_1.0.0.201904181610/tools/bin/../lib/gcc/arm-none-eabi/7.3.1/../../../../arm-none-eabi/lib/thumb/v7e-m/fpv4-sp/hard\libc_nano.a(lib_a-memset.o)
                              c:/st/stm32cubeide_1.2.0/stm32cubeide/plugins/com.st.stm32cube.ide.mcu.externaltools.gnu-tools-for-stm32.7-2018-q2-update.win32_1.0.0.201904181610/tools/bin/../lib/gcc/arm-none-eabi/7.3.1/../../../../arm-none-eabi/lib/thumb/v7e-m/fpv4-sp/hard/crt0.o (memset)

Allocating common symbols
Common symbol       size              file

uwTick              0x4               Drivers/STM32H7xx_HAL_Driver/Src/stm32h7xx_hal.o
pFlash              0x1c              Drivers/STM32H7xx_HAL_Driver/Src/stm32h7xx_hal_flash.o

Discarded input sections

 .text          0x0000000000000000        0x0 c:/st/stm32cubeide_1.2.0/stm32cubeide/plugins/com.st.stm32cube.ide.mcu.externaltools.gnu-tools-for-stm32.7-2018-q2-update.win32_1.0.0.201904181610/tools/bin/../lib/gcc/arm-none-eabi/7.3.1/thumb/v7e-m/fpv4-sp/hard/crti.o
 .data          0x0000000000000000        0x0 c:/st/stm32cubeide_1.2.0/stm32cubeide/plugins/com.st.stm32cube.ide.mcu.externaltools.gnu-tools-for-stm32.7-2018-q2-update.win32_1.0.0.201904181610/tools/bin/../lib/gcc/arm-none-eabi/7.3.1/thumb/v7e-m/fpv4-sp/hard/crti.o
 .bss           0x0000000000000000        0x0 c:/st/stm32cubeide_1.2.0/stm32cubeide/plugins/com.st.stm32cube.ide.mcu.externaltools.gnu-tools-for-stm32.7-2018-q2-update.win32_1.0.0.201904181610/tools/bin/../lib/gcc/arm-none-eabi/7.3.1/thumb/v7e-m/fpv4-sp/hard/crti.o
 .data          0x0000000000000000        0x4 c:/st/stm32cubeide_1.2.0/stm32cubeide/plugins/com.st.stm32cube.ide.mcu.externaltools.gnu-tools-for-stm32.7-2018-q2-update.win32_1.0.0.201904181610/tools/bin/../lib/gcc/arm-none-eabi/7.3.1/thumb/v7e-m/fpv4-sp/hard/crtbegin.o
 .text          0x0000000000000000       0x74 c:/st/stm32cubeide_1.2.0/stm32cubeide/plugins/com.st.stm32cube.ide.mcu.externaltools.gnu-tools-for-stm32.7-2018-q2-update.win32_1.0.0.201904181610/tools/bin/../lib/gcc/arm-none-eabi/7.3.1/../../../../arm-none-eabi/lib/thumb/v7e-m/fpv4-sp/hard/crt0.o
 .data          0x0000000000000000        0x0 c:/st/stm32cubeide_1.2.0/stm32cubeide/plugins/com.st.stm32cube.ide.mcu.externaltools.gnu-tools-for-stm32.7-2018-q2-update.win32_1.0.0.201904181610/tools/bin/../lib/gcc/arm-none-eabi/7.3.1/../../../../arm-none-eabi/lib/thumb/v7e-m/fpv4-sp/hard/crt0.o
 .bss           0x0000000000000000        0x0 c:/st/stm32cubeide_1.2.0/stm32cubeide/plugins/com.st.stm32cube.ide.mcu.externaltools.gnu-tools-for-stm32.7-2018-q2-update.win32_1.0.0.201904181610/tools/bin/../lib/gcc/arm-none-eabi/7.3.1/../../../../arm-none-eabi/lib/thumb/v7e-m/fpv4-sp/hard/crt0.o
[...]
Memory Configuration

Name             Origin             Length             Attributes
FLASH            0x0000000008100000 0x0000000000100000 xr
RAM              0x0000000010000000 0x0000000000048000 xrw
*default*        0x0000000000000000 0xffffffffffffffff

Linker script and memory map

LOAD c:/st/stm32cubeide_1.2.0/stm32cubeide/plugins/com.st.stm32cube.ide.mcu.externaltools.gnu-tools-for-stm32.7-2018-q2-update.win32_1.0.0.201904181610/tools/bin/../lib/gcc/arm-none-eabi/7.3.1/thumb/v7e-m/fpv4-sp/hard/crti.o
LOAD c:/st/stm32cubeide_1.2.0/stm32cubeide/plugins/com.st.stm32cube.ide.mcu.externaltools.gnu-tools-for-stm32.7-2018-q2-update.win32_1.0.0.201904181610/tools/bin/../lib/gcc/arm-none-eabi/7.3.1/thumb/v7e-m/fpv4-sp/hard/crtbegin.o
LOAD c:/st/stm32cubeide_1.2.0/stm32cubeide/plugins/com.st.stm32cube.ide.mcu.externaltools.gnu-tools-for-stm32.7-2018-q2-update.win32_1.0.0.201904181610/tools/bin/../lib/gcc/arm-none-eabi/7.3.1/../../../../arm-none-eabi/lib/thumb/v7e-m/fpv4-sp/hard/crt0.o
LOAD Common/Src/system_stm32h7xx_dualcore_boot_cm4_cm7.o
LOAD Drivers/BSP/Components/lan8742/lan8742.o
LOAD Drivers/STM32H7xx_HAL_Driver/Src/stm32h7xx_hal.o
LOAD Drivers/STM32H7xx_HAL_Driver/Src/stm32h7xx_hal_cortex.o
LOAD Drivers/STM32H7xx_HAL_Driver/Src/stm32h7xx_hal_dma.o
LOAD Drivers/STM32H7xx_HAL_Driver/Src/stm32h7xx_hal_dma_ex.o
LOAD Drivers/STM32H7xx_HAL_Driver/Src/stm32h7xx_hal_eth.o
LOAD Drivers/STM32H7xx_HAL_Driver/Src/stm32h7xx_hal_eth_ex.o
LOAD Drivers/STM32H7xx_HAL_Driver/Src/stm32h7xx_hal_exti.o
LOAD Drivers/STM32H7xx_HAL_Driver/Src/stm32h7xx_hal_flash.o
LOAD Drivers/STM32H7xx_HAL_Driver/Src/stm32h7xx_hal_flash_ex.o
LOAD Drivers/STM32H7xx_HAL_Driver/Src/stm32h7xx_hal_gpio.o
LOAD Drivers/STM32H7xx_HAL_Driver/Src/stm32h7xx_hal_hsem.o
LOAD Drivers/STM32H7xx_HAL_Driver/Src/stm32h7xx_hal_i2c.o
LOAD Drivers/STM32H7xx_HAL_Driver/Src/stm32h7xx_hal_i2c_ex.o
LOAD Drivers/STM32H7xx_HAL_Driver/Src/stm32h7xx_hal_mdma.o
LOAD Drivers/STM32H7xx_HAL_Driver/Src/stm32h7xx_hal_pcd.o
LOAD Drivers/STM32H7xx_HAL_Driver/Src/stm32h7xx_hal_pcd_ex.o
LOAD Drivers/STM32H7xx_HAL_Driver/Src/stm32h7xx_hal_pwr.o
LOAD Drivers/STM32H7xx_HAL_Driver/Src/stm32h7xx_hal_pwr_ex.o
LOAD Drivers/STM32H7xx_HAL_Driver/Src/stm32h7xx_hal_rcc.o
LOAD Drivers/STM32H7xx_HAL_Driver/Src/stm32h7xx_hal_rcc_ex.o
LOAD Drivers/STM32H7xx_HAL_Driver/Src/stm32h7xx_hal_tim.o
LOAD Drivers/STM32H7xx_HAL_Driver/Src/stm32h7xx_hal_tim_ex.o
LOAD Drivers/STM32H7xx_HAL_Driver/Src/stm32h7xx_ll_usb.o
LOAD Src/main.o
LOAD Src/stm32h7xx_hal_msp.o
LOAD Src/stm32h7xx_it.o
LOAD Src/syscalls.o
LOAD Src/sysmem.o
LOAD Startup/startup_stm32h745zitx.o
START GROUP
LOAD c:/st/stm32cubeide_1.2.0/stm32cubeide/plugins/com.st.stm32cube.ide.mcu.externaltools.gnu-tools-for-stm32.7-2018-q2-update.win32_1.0.0.201904181610/tools/bin/../lib/gcc/arm-none-eabi/7.3.1/../../../../arm-none-eabi/lib/thumb/v7e-m/fpv4-sp/hard\libc_nano.a
LOAD c:/st/stm32cubeide_1.2.0/stm32cubeide/plugins/com.st.stm32cube.ide.mcu.externaltools.gnu-tools-for-stm32.7-2018-q2-update.win32_1.0.0.201904181610/tools/bin/../lib/gcc/arm-none-eabi/7.3.1/../../../../arm-none-eabi/lib/thumb/v7e-m/fpv4-sp/hard\libm.a
END GROUP
START GROUP
LOAD c:/st/stm32cubeide_1.2.0/stm32cubeide/plugins/com.st.stm32cube.ide.mcu.externaltools.gnu-tools-for-stm32.7-2018-q2-update.win32_1.0.0.201904181610/tools/bin/../lib/gcc/arm-none-eabi/7.3.1/thumb/v7e-m/fpv4-sp/hard\libgcc.a
LOAD c:/st/stm32cubeide_1.2.0/stm32cubeide/plugins/com.st.stm32cube.ide.mcu.externaltools.gnu-tools-for-stm32.7-2018-q2-update.win32_1.0.0.201904181610/tools/bin/../lib/gcc/arm-none-eabi/7.3.1/../../../../arm-none-eabi/lib/thumb/v7e-m/fpv4-sp/hard\libc_nano.a
END GROUP
START GROUP
LOAD c:/st/stm32cubeide_1.2.0/stm32cubeide/plugins/com.st.stm32cube.ide.mcu.externaltools.gnu-tools-for-stm32.7-2018-q2-update.win32_1.0.0.201904181610/tools/bin/../lib/gcc/arm-none-eabi/7.3.1/thumb/v7e-m/fpv4-sp/hard\libgcc.a
LOAD c:/st/stm32cubeide_1.2.0/stm32cubeide/plugins/com.st.stm32cube.ide.mcu.externaltools.gnu-tools-for-stm32.7-2018-q2-update.win32_1.0.0.201904181610/tools/bin/../lib/gcc/arm-none-eabi/7.3.1/../../../../arm-none-eabi/lib/thumb/v7e-m/fpv4-sp/hard\libc_nano.a
LOAD c:/st/stm32cubeide_1.2.0/stm32cubeide/plugins/com.st.stm32cube.ide.mcu.externaltools.gnu-tools-for-stm32.7-2018-q2-update.win32_1.0.0.201904181610/tools/bin/../lib/gcc/arm-none-eabi/7.3.1/../../../../arm-none-eabi/lib/thumb/v7e-m/fpv4-sp/hard\libnosys.a
END GROUP
START GROUP
LOAD c:/st/stm32cubeide_1.2.0/stm32cubeide/plugins/com.st.stm32cube.ide.mcu.externaltools.gnu-tools-for-stm32.7-2018-q2-update.win32_1.0.0.201904181610/tools/bin/../lib/gcc/arm-none-eabi/7.3.1/thumb/v7e-m/fpv4-sp/hard\libgcc.a
LOAD c:/st/stm32cubeide_1.2.0/stm32cubeide/plugins/com.st.stm32cube.ide.mcu.externaltools.gnu-tools-for-stm32.7-2018-q2-update.win32_1.0.0.201904181610/tools/bin/../lib/gcc/arm-none-eabi/7.3.1/../../../../arm-none-eabi/lib/thumb/v7e-m/fpv4-sp/hard\libc_nano.a
LOAD c:/st/stm32cubeide_1.2.0/stm32cubeide/plugins/com.st.stm32cube.ide.mcu.externaltools.gnu-tools-for-stm32.7-2018-q2-update.win32_1.0.0.201904181610/tools/bin/../lib/gcc/arm-none-eabi/7.3.1/../../../../arm-none-eabi/lib/thumb/v7e-m/fpv4-sp/hard\libnosys.a
END GROUP
LOAD c:/st/stm32cubeide_1.2.0/stm32cubeide/plugins/com.st.stm32cube.ide.mcu.externaltools.gnu-tools-for-stm32.7-2018-q2-update.win32_1.0.0.201904181610/tools/bin/../lib/gcc/arm-none-eabi/7.3.1/thumb/v7e-m/fpv4-sp/hard/crtend.o
LOAD c:/st/stm32cubeide_1.2.0/stm32cubeide/plugins/com.st.stm32cube.ide.mcu.externaltools.gnu-tools-for-stm32.7-2018-q2-update.win32_1.0.0.201904181610/tools/bin/../lib/gcc/arm-none-eabi/7.3.1/thumb/v7e-m/fpv4-sp/hard/crtn.o
                0x0000000010048000                _estack = 0x10048000
                0x0000000000000400                _Min_Heap_Size = 0x400
                0x0000000000000400                _Min_Stack_Size = 0x400

.isr_vector     0x0000000008100000      0x298
                0x0000000008100000                . = ALIGN (0x4)
 *(.isr_vector)
 .isr_vector    0x0000000008100000      0x298 Startup/startup_stm32h745zitx.o
                0x0000000008100000                g_pfnVectors
                0x0000000008100298                . = ALIGN (0x4)

.text           0x0000000008100298      0xa20
                0x0000000008100298                . = ALIGN (0x4)
 *(.text)
 .text          0x0000000008100298       0x40 c:/st/stm32cubeide_1.2.0/stm32cubeide/plugins/com.st.stm32cube.ide.mcu.externaltools.gnu-tools-for-stm32.7-2018-q2-update.win32_1.0.0.201904181610/tools/bin/../lib/gcc/arm-none-eabi/7.3.1/thumb/v7e-m/fpv4-sp/hard/crtbegin.o
 *(.text*)
 .text.SystemInit
                0x00000000081002d8       0x38 Common/Src/system_stm32h7xx_dualcore_boot_cm4_cm7.o
                0x00000000081002d8                SystemInit
 .text.HAL_Init
                0x0000000008100310       0xb8 Drivers/STM32H7xx_HAL_Driver/Src/stm32h7xx_hal.o
                0x0000000008100310                HAL_Init
 .text.HAL_InitTick
                0x00000000081003c8       0xa0 Drivers/STM32H7xx_HAL_Driver/Src/stm32h7xx_hal.o
                0x00000000081003c8                HAL_InitTick
 .text.HAL_IncTick
                0x0000000008100468       0x28 Drivers/STM32H7xx_HAL_Driver/Src/stm32h7xx_hal.o
                0x0000000008100468                HAL_IncTick
 .text.__NVIC_SetPriorityGrouping
                0x0000000008100490       0x48 Drivers/STM32H7xx_HAL_Driver/Src/stm32h7xx_hal_cortex.o
 .text.__NVIC_GetPriorityGrouping
                0x00000000081004d8       0x1c Drivers/STM32H7xx_HAL_Driver/Src/stm32h7xx_hal_cortex.o
 .text.__NVIC_SetPriority
                0x00000000081004f4       0x54 Drivers/STM32H7xx_HAL_Driver/Src/stm32h7xx_hal_cortex.o
 .text.NVIC_EncodePriority
                0x0000000008100548       0x66 Drivers/STM32H7xx_HAL_Driver/Src/stm32h7xx_hal_cortex.o
 *fill*         0x00000000081005ae        0x2 
 .text.SysTick_Config
                0x00000000081005b0       0x44 Drivers/STM32H7xx_HAL_Driver/Src/stm32h7xx_hal_cortex.o
 .text.HAL_NVIC_SetPriorityGrouping
                0x00000000081005f4       0x16 Drivers/STM32H7xx_HAL_Driver/Src/stm32h7xx_hal_cortex.o
                0x00000000081005f4                HAL_NVIC_SetPriorityGrouping
 .text.HAL_NVIC_SetPriority
                0x000000000810060a       0x34 Drivers/STM32H7xx_HAL_Driver/Src/stm32h7xx_hal_cortex.o
                0x000000000810060a                HAL_NVIC_SetPriority
 .text.HAL_SYSTICK_Config
                0x000000000810063e       0x18 Drivers/STM32H7xx_HAL_Driver/Src/stm32h7xx_hal_cortex.o
                0x000000000810063e                HAL_SYSTICK_Config
 *fill*         0x0000000008100656        0x2 
 .text.HAL_GetCurrentCPUID
                0x0000000008100658       0x28 Drivers/STM32H7xx_HAL_Driver/Src/stm32h7xx_hal_cortex.o
                0x0000000008100658                HAL_GetCurrentCPUID
 .text.HAL_HSEM_ActivateNotification
                0x0000000008100680       0x24 Drivers/STM32H7xx_HAL_Driver/Src/stm32h7xx_hal_hsem.o
                0x0000000008100680                HAL_HSEM_ActivateNotification
 .text.HAL_PWREx_EnterSTOPMode
                0x00000000081006a4       0xe4 Drivers/STM32H7xx_HAL_Driver/Src/stm32h7xx_hal_pwr_ex.o
                0x00000000081006a4                HAL_PWREx_EnterSTOPMode
 .text.HAL_PWREx_ClearPendingEvent
                0x0000000008100788       0x1a Drivers/STM32H7xx_HAL_Driver/Src/stm32h7xx_hal_pwr_ex.o
                0x0000000008100788                HAL_PWREx_ClearPendingEvent
 *fill*         0x00000000081007a2        0x2 
 .text.HAL_RCC_GetSysClockFreq
                0x00000000081007a4      0x2e4 Drivers/STM32H7xx_HAL_Driver/Src/stm32h7xx_hal_rcc.o
                0x00000000081007a4                HAL_RCC_GetSysClockFreq
 .text.HAL_RCC_GetHCLKFreq
                0x0000000008100a88       0x38 Drivers/STM32H7xx_HAL_Driver/Src/stm32h7xx_hal_rcc.o
                0x0000000008100a88                HAL_RCC_GetHCLKFreq
 .text.HAL_RCCEx_GetD1SysClockFreq
                0x0000000008100ac0       0x38 Drivers/STM32H7xx_HAL_Driver/Src/stm32h7xx_hal_rcc_ex.o
                0x0000000008100ac0                HAL_RCCEx_GetD1SysClockFreq
 .text.main     0x0000000008100af8       0x7c Src/main.o
                0x0000000008100af8                main
 .text.HAL_MspInit
                0x0000000008100b74       0x34 Src/stm32h7xx_hal_msp.o
                0x0000000008100b74                HAL_MspInit
 .text.NMI_Handler
                0x0000000008100ba8        0xe Src/stm32h7xx_it.o
                0x0000000008100ba8                NMI_Handler
 .text.HardFault_Handler
                0x0000000008100bb6        0x6 Src/stm32h7xx_it.o
                0x0000000008100bb6                HardFault_Handler
 .text.MemManage_Handler
                0x0000000008100bbc        0x6 Src/stm32h7xx_it.o
                0x0000000008100bbc                MemManage_Handler
 .text.BusFault_Handler
                0x0000000008100bc2        0x6 Src/stm32h7xx_it.o
                0x0000000008100bc2                BusFault_Handler
 .text.UsageFault_Handler
                0x0000000008100bc8        0x6 Src/stm32h7xx_it.o
                0x0000000008100bc8                UsageFault_Handler
 .text.SVC_Handler
                0x0000000008100bce        0xe Src/stm32h7xx_it.o
                0x0000000008100bce                SVC_Handler
 .text.DebugMon_Handler
                0x0000000008100bdc        0xe Src/stm32h7xx_it.o
                0x0000000008100bdc                DebugMon_Handler
 .text.PendSV_Handler
                0x0000000008100bea        0xe Src/stm32h7xx_it.o
                0x0000000008100bea                PendSV_Handler
 .text.SysTick_Handler
                0x0000000008100bf8        0xc Src/stm32h7xx_it.o
                0x0000000008100bf8                SysTick_Handler
 .text.Reset_Handler
                0x0000000008100c04       0x50 Startup/startup_stm32h745zitx.o
                0x0000000008100c04                Reset_Handler
 .text.Default_Handler
                0x0000000008100c54        0x2 Startup/startup_stm32h745zitx.o
                0x0000000008100c54                RTC_Alarm_IRQHandler
                0x0000000008100c54                EXTI2_IRQHandler
                0x0000000008100c54                TIM8_CC_IRQHandler
                0x0000000008100c54                HRTIM1_Master_IRQHandler
                0x0000000008100c54                UART8_IRQHandler
                0x0000000008100c54                SPI4_IRQHandler
                0x0000000008100c54                TIM1_CC_IRQHandler
                0x0000000008100c54                BDMA_Channel6_IRQHandler
                0x0000000008100c54                DMA2_Stream5_IRQHandler
                0x0000000008100c54                HRTIM1_FLT_IRQHandler
                0x0000000008100c54                JPEG_IRQHandler
                0x0000000008100c54                DMA1_Stream5_IRQHandler
                0x0000000008100c54                BDMA_Channel1_IRQHandler
                0x0000000008100c54                HRTIM1_TIMD_IRQHandler
                0x0000000008100c54                TAMP_STAMP_IRQHandler
                0x0000000008100c54                EXTI3_IRQHandler
                0x0000000008100c54                LPTIM4_IRQHandler
                0x0000000008100c54                TIM8_TRG_COM_TIM14_IRQHandler
                0x0000000008100c54                LPTIM2_IRQHandler
                0x0000000008100c54                DFSDM1_FLT1_IRQHandler
                0x0000000008100c54                DMAMUX2_OVR_IRQHandler
                0x0000000008100c54                TIM8_UP_TIM13_IRQHandler
                0x0000000008100c54                I2C3_ER_IRQHandler
                0x0000000008100c54                DFSDM1_FLT2_IRQHandler
                0x0000000008100c54                MDMA_IRQHandler
                0x0000000008100c54                LPTIM3_IRQHandler
                0x0000000008100c54                HSEM1_IRQHandler
                0x0000000008100c54                EXTI0_IRQHandler
                0x0000000008100c54                I2C2_EV_IRQHandler
                0x0000000008100c54                DMA1_Stream2_IRQHandler
                0x0000000008100c54                FPU_IRQHandler
                0x0000000008100c54                OTG_HS_WKUP_IRQHandler
                0x0000000008100c54                FDCAN1_IT1_IRQHandler
                0x0000000008100c54                LTDC_ER_IRQHandler
                0x0000000008100c54                DMA2_Stream2_IRQHandler
                0x0000000008100c54                HRTIM1_TIME_IRQHandler
                0x0000000008100c54                SPI1_IRQHandler
                0x0000000008100c54                TIM6_DAC_IRQHandler
                0x0000000008100c54                DCMI_IRQHandler
                0x0000000008100c54                HRTIM1_TIMC_IRQHandler
                0x0000000008100c54                DMA2_Stream3_IRQHandler
                0x0000000008100c54                SAI2_IRQHandler
                0x0000000008100c54                DFSDM1_FLT3_IRQHandler
                0x0000000008100c54                USART6_IRQHandler
                0x0000000008100c54                TIM17_IRQHandler
                0x0000000008100c54                USART3_IRQHandler
                0x0000000008100c54                BDMA_Channel7_IRQHandler
                0x0000000008100c54                LPTIM5_IRQHandler
                0x0000000008100c54                UART5_IRQHandler
                0x0000000008100c54                ADC3_IRQHandler
                0x0000000008100c54                DMA2_Stream0_IRQHandler
                0x0000000008100c54                TIM4_IRQHandler
                0x0000000008100c54                BDMA_Channel2_IRQHandler
                0x0000000008100c54                QUADSPI_IRQHandler
                0x0000000008100c54                I2C1_EV_IRQHandler
                0x0000000008100c54                DMA1_Stream6_IRQHandler
                0x0000000008100c54                DMAMUX1_OVR_IRQHandler
                0x0000000008100c54                DMA1_Stream1_IRQHandler
                0x0000000008100c54                TIM16_IRQHandler
                0x0000000008100c54                UART4_IRQHandler
                0x0000000008100c54                BDMA_Channel5_IRQHandler
                0x0000000008100c54                TIM3_IRQHandler
                0x0000000008100c54                RCC_IRQHandler
                0x0000000008100c54                TIM8_BRK_TIM12_IRQHandler
                0x0000000008100c54                TIM1_TRG_COM_IRQHandler
                0x0000000008100c54                Default_Handler
                0x0000000008100c54                ECC_IRQHandler
                0x0000000008100c54                CEC_IRQHandler
                0x0000000008100c54                EXTI15_10_IRQHandler
                0x0000000008100c54                BDMA_Channel0_IRQHandler
                0x0000000008100c54                ADC_IRQHandler
                0x0000000008100c54                DMA1_Stream7_IRQHandler
                0x0000000008100c54                HRTIM1_TIMA_IRQHandler
                0x0000000008100c54                SPI5_IRQHandler
                0x0000000008100c54                TIM7_IRQHandler
                0x0000000008100c54                SDMMC1_IRQHandler
                0x0000000008100c54                TIM5_IRQHandler
                0x0000000008100c54                DMA2_Stream7_IRQHandler
                0x0000000008100c54                TIM15_IRQHandler
                0x0000000008100c54                PVD_AVD_IRQHandler
                0x0000000008100c54                I2C3_EV_IRQHandler
                0x0000000008100c54                EXTI9_5_IRQHandler
                0x0000000008100c54                RTC_WKUP_IRQHandler
                0x0000000008100c54                LTDC_IRQHandler
                0x0000000008100c54                SAI3_IRQHandler
                0x0000000008100c54                ETH_WKUP_IRQHandler
                0x0000000008100c54                SPDIF_RX_IRQHandler
                0x0000000008100c54                SPI2_IRQHandler
                0x0000000008100c54                OTG_HS_EP1_IN_IRQHandler
                0x0000000008100c54                DMA1_Stream0_IRQHandler
                0x0000000008100c54                CRS_IRQHandler
                0x0000000008100c54                CM7_SEV_IRQHandler
                0x0000000008100c54                EXTI4_IRQHandler
                0x0000000008100c54                RNG_IRQHandler
                0x0000000008100c54                CM4_SEV_IRQHandler
                0x0000000008100c54                HRTIM1_TIMB_IRQHandler
                0x0000000008100c54                FDCAN2_IT1_IRQHandler
                0x0000000008100c54                ETH_IRQHandler
                0x0000000008100c54                TIM1_UP_IRQHandler
                0x0000000008100c54                WWDG_RST_IRQHandler
                0x0000000008100c54                BDMA_Channel4_IRQHandler
                0x0000000008100c54                OTG_HS_EP1_OUT_IRQHandler
                0x0000000008100c54                WWDG_IRQHandler
                0x0000000008100c54                SPI6_IRQHandler
                0x0000000008100c54                MDIOS_IRQHandler
                0x0000000008100c54                I2C4_EV_IRQHandler
                0x0000000008100c54                FDCAN2_IT0_IRQHandler
                0x0000000008100c54                LPUART1_IRQHandler
                0x0000000008100c54                FDCAN1_IT0_IRQHandler
                0x0000000008100c54                TIM2_IRQHandler
                0x0000000008100c54                OTG_FS_WKUP_IRQHandler
                0x0000000008100c54                OTG_HS_IRQHandler
                0x0000000008100c54                HSEM2_IRQHandler
                0x0000000008100c54                DMA2D_IRQHandler
                0x0000000008100c54                TIM1_BRK_IRQHandler
                0x0000000008100c54                EXTI1_IRQHandler
                0x0000000008100c54                SDMMC2_IRQHandler
                0x0000000008100c54                OTG_FS_EP1_OUT_IRQHandler
                0x0000000008100c54                BDMA_Channel3_IRQHandler
                0x0000000008100c54                HOLD_CORE_IRQHandler
                0x0000000008100c54                UART7_IRQHandler
                0x0000000008100c54                MDIOS_WKUP_IRQHandler
                0x0000000008100c54                USART2_IRQHandler
                0x0000000008100c54                DFSDM1_FLT0_IRQHandler
                0x0000000008100c54                SAI4_IRQHandler
                0x0000000008100c54                I2C2_ER_IRQHandler
                0x0000000008100c54                DMA2_Stream1_IRQHandler
                0x0000000008100c54                FLASH_IRQHandler
                0x0000000008100c54                DMA2_Stream4_IRQHandler
                0x0000000008100c54                USART1_IRQHandler
                0x0000000008100c54                OTG_FS_IRQHandler
                0x0000000008100c54                SPI3_IRQHandler
                0x0000000008100c54                WAKEUP_PIN_IRQHandler
                0x0000000008100c54                DMA1_Stream4_IRQHandler
                0x0000000008100c54                OTG_FS_EP1_IN_IRQHandler
                0x0000000008100c54                I2C1_ER_IRQHandler
                0x0000000008100c54                FMC_IRQHandler
                0x0000000008100c54                FDCAN_CAL_IRQHandler
                0x0000000008100c54                SWPMI1_IRQHandler
                0x0000000008100c54                COMP1_IRQHandler
                0x0000000008100c54                LPTIM1_IRQHandler
                0x0000000008100c54                I2C4_ER_IRQHandler
                0x0000000008100c54                DMA2_Stream6_IRQHandler
                0x0000000008100c54                SAI1_IRQHandler
                0x0000000008100c54                DMA1_Stream3_IRQHandler
 *fill*         0x0000000008100c56        0x2 
 .text.__libc_init_array
                0x0000000008100c58       0x48 c:/st/stm32cubeide_1.2.0/stm32cubeide/plugins/com.st.stm32cube.ide.mcu.externaltools.gnu-tools-for-stm32.7-2018-q2-update.win32_1.0.0.201904181610/tools/bin/../lib/gcc/arm-none-eabi/7.3.1/../../../../arm-none-eabi/lib/thumb/v7e-m/fpv4-sp/hard\libc_nano.a(lib_a-init.o)
                0x0000000008100c58                __libc_init_array
 *(.glue_7)
 .glue_7        0x0000000008100ca0        0x0 linker stubs
 *(.glue_7t)
 .glue_7t       0x0000000008100ca0        0x0 linker stubs
 *(.eh_frame)
 .eh_frame      0x0000000008100ca0        0x0 c:/st/stm32cubeide_1.2.0/stm32cubeide/plugins/com.st.stm32cube.ide.mcu.externaltools.gnu-tools-for-stm32.7-2018-q2-update.win32_1.0.0.201904181610/tools/bin/../lib/gcc/arm-none-eabi/7.3.1/thumb/v7e-m/fpv4-sp/hard/crtbegin.o
 *(.init)
 .init          0x0000000008100ca0        0x4 c:/st/stm32cubeide_1.2.0/stm32cubeide/plugins/com.st.stm32cube.ide.mcu.externaltools.gnu-tools-for-stm32.7-2018-q2-update.win32_1.0.0.201904181610/tools/bin/../lib/gcc/arm-none-eabi/7.3.1/thumb/v7e-m/fpv4-sp/hard/crti.o
                0x0000000008100ca0                _init
 .init          0x0000000008100ca4        0x8 c:/st/stm32cubeide_1.2.0/stm32cubeide/plugins/com.st.stm32cube.ide.mcu.externaltools.gnu-tools-for-stm32.7-2018-q2-update.win32_1.0.0.201904181610/tools/bin/../lib/gcc/arm-none-eabi/7.3.1/thumb/v7e-m/fpv4-sp/hard/crtn.o
 *(.fini)
 .fini          0x0000000008100cac        0x4 c:/st/stm32cubeide_1.2.0/stm32cubeide/plugins/com.st.stm32cube.ide.mcu.externaltools.gnu-tools-for-stm32.7-2018-q2-update.win32_1.0.0.201904181610/tools/bin/../lib/gcc/arm-none-eabi/7.3.1/thumb/v7e-m/fpv4-sp/hard/crti.o
                0x0000000008100cac                _fini
 .fini          0x0000000008100cb0        0x8 c:/st/stm32cubeide_1.2.0/stm32cubeide/plugins/com.st.stm32cube.ide.mcu.externaltools.gnu-tools-for-stm32.7-2018-q2-update.win32_1.0.0.201904181610/tools/bin/../lib/gcc/arm-none-eabi/7.3.1/thumb/v7e-m/fpv4-sp/hard/crtn.o
                0x0000000008100cb8                . = ALIGN (0x4)
                0x0000000008100cb8                _etext = .

.vfp11_veneer   0x0000000008100cb8        0x0
 .vfp11_veneer  0x0000000008100cb8        0x0 linker stubs

.v4_bx          0x0000000008100cb8        0x0
 .v4_bx         0x0000000008100cb8        0x0 linker stubs

.iplt           0x0000000008100cb8        0x0
 .iplt          0x0000000008100cb8        0x0 c:/st/stm32cubeide_1.2.0/stm32cubeide/plugins/com.st.stm32cube.ide.mcu.externaltools.gnu-tools-for-stm32.7-2018-q2-update.win32_1.0.0.201904181610/tools/bin/../lib/gcc/arm-none-eabi/7.3.1/thumb/v7e-m/fpv4-sp/hard/crtbegin.o

.rodata         0x0000000008100cb8       0x10
                0x0000000008100cb8                . = ALIGN (0x4)
 *(.rodata)
 *(.rodata*)
 .rodata.D1CorePrescTable
                0x0000000008100cb8       0x10 Common/Src/system_stm32h7xx_dualcore_boot_cm4_cm7.o
                0x0000000008100cb8                D1CorePrescTable
                0x0000000008100cc8                . = ALIGN (0x4)

.rel.dyn        0x0000000008100cc8        0x0
 .rel.iplt      0x0000000008100cc8        0x0 c:/st/stm32cubeide_1.2.0/stm32cubeide/plugins/com.st.stm32cube.ide.mcu.externaltools.gnu-tools-for-stm32.7-2018-q2-update.win32_1.0.0.201904181610/tools/bin/../lib/gcc/arm-none-eabi/7.3.1/thumb/v7e-m/fpv4-sp/hard/crtbegin.o

.ARM.extab
 *(.ARM.extab* .gnu.linkonce.armextab.*)

.ARM            0x0000000008100cc8        0x0
                0x0000000008100cc8                __exidx_start = .
 *(.ARM.exidx*)
                0x0000000008100cc8                __exidx_end = .

.preinit_array  0x0000000008100cc8        0x0
                0x0000000008100cc8                PROVIDE (__preinit_array_start = .)
 *(.preinit_array*)
                0x0000000008100cc8                PROVIDE (__preinit_array_end = .)

.init_array     0x0000000008100cc8        0x4
                0x0000000008100cc8                PROVIDE (__init_array_start = .)
 *(SORT_BY_NAME(.init_array.*))
 *(.init_array*)
 .init_array    0x0000000008100cc8        0x4 c:/st/stm32cubeide_1.2.0/stm32cubeide/plugins/com.st.stm32cube.ide.mcu.externaltools.gnu-tools-for-stm32.7-2018-q2-update.win32_1.0.0.201904181610/tools/bin/../lib/gcc/arm-none-eabi/7.3.1/thumb/v7e-m/fpv4-sp/hard/crtbegin.o
                0x0000000008100ccc                PROVIDE (__init_array_end = .)

.fini_array     0x0000000008100ccc        0x4
                [!provide]                        PROVIDE (__fini_array_start = .)
 *(SORT_BY_NAME(.fini_array.*))
 *(.fini_array*)
 .fini_array    0x0000000008100ccc        0x4 c:/st/stm32cubeide_1.2.0/stm32cubeide/plugins/com.st.stm32cube.ide.mcu.externaltools.gnu-tools-for-stm32.7-2018-q2-update.win32_1.0.0.201904181610/tools/bin/../lib/gcc/arm-none-eabi/7.3.1/thumb/v7e-m/fpv4-sp/hard/crtbegin.o
                [!provide]                        PROVIDE (__fini_array_end = .)
                0x0000000008100cd0                _sidata = LOADADDR (.data)

.data           0x0000000010000000       0x10 load address 0x0000000008100cd0
                0x0000000010000000                . = ALIGN (0x4)
                0x0000000010000000                _sdata = .
 *(.data)
 *(.data*)
 .data.SystemCoreClock
                0x0000000010000000        0x4 Common/Src/system_stm32h7xx_dualcore_boot_cm4_cm7.o
                0x0000000010000000                SystemCoreClock
 .data.SystemD2Clock
                0x0000000010000004        0x4 Common/Src/system_stm32h7xx_dualcore_boot_cm4_cm7.o
                0x0000000010000004                SystemD2Clock
 .data.uwTickPrio
                0x0000000010000008        0x4 Drivers/STM32H7xx_HAL_Driver/Src/stm32h7xx_hal.o
                0x0000000010000008                uwTickPrio
 .data.uwTickFreq
                0x000000001000000c        0x1 Drivers/STM32H7xx_HAL_Driver/Src/stm32h7xx_hal.o
                0x000000001000000c                uwTickFreq
                0x0000000010000010                . = ALIGN (0x4)
 *fill*         0x000000001000000d        0x3 
                0x0000000010000010                _edata = .

.igot.plt       0x0000000010000010        0x0 load address 0x0000000008100ce0
 .igot.plt      0x0000000010000010        0x0 c:/st/stm32cubeide_1.2.0/stm32cubeide/plugins/com.st.stm32cube.ide.mcu.externaltools.gnu-tools-for-stm32.7-2018-q2-update.win32_1.0.0.201904181610/tools/bin/../lib/gcc/arm-none-eabi/7.3.1/thumb/v7e-m/fpv4-sp/hard/crtbegin.o
                0x0000000010000010                . = ALIGN (0x4)

.bss            0x0000000010000010       0x20 load address 0x0000000008100ce0
                0x0000000010000010                _sbss = .
                0x0000000010000010                __bss_start__ = _sbss
 *(.bss)
 .bss           0x0000000010000010       0x1c c:/st/stm32cubeide_1.2.0/stm32cubeide/plugins/com.st.stm32cube.ide.mcu.externaltools.gnu-tools-for-stm32.7-2018-q2-update.win32_1.0.0.201904181610/tools/bin/../lib/gcc/arm-none-eabi/7.3.1/thumb/v7e-m/fpv4-sp/hard/crtbegin.o
 *(.bss*)
 *(COMMON)
 COMMON         0x000000001000002c        0x4 Drivers/STM32H7xx_HAL_Driver/Src/stm32h7xx_hal.o
                0x000000001000002c                uwTick
                0x0000000010000030                . = ALIGN (0x4)
                0x0000000010000030                _ebss = .
                0x0000000010000030                __bss_end__ = _ebss

._user_heap_stack
                0x0000000010000030      0x800 load address 0x0000000008100ce0
                0x0000000010000030                . = ALIGN (0x8)
                0x0000000010000030                PROVIDE (end = .)
                [!provide]                        PROVIDE (_end = .)
                0x0000000010000430                . = (. + _Min_Heap_Size)
 *fill*         0x0000000010000030      0x400 
                0x0000000010000830                . = (. + _Min_Stack_Size)
 *fill*         0x0000000010000430      0x400 
                0x0000000010000830                . = ALIGN (0x8)

/DISCARD/
 libc.a(*)
 libm.a(*)
 libgcc.a(*)

.ARM.attributes
                0x0000000000000000       0x30
 *(.ARM.attributes)
 .ARM.attributes
                0x0000000000000000       0x22 c:/st/stm32cubeide_1.2.0/stm32cubeide/plugins/com.st.stm32cube.ide.mcu.externaltools.gnu-tools-for-stm32.7-2018-q2-update.win32_1.0.0.201904181610/tools/bin/../lib/gcc/arm-none-eabi/7.3.1/thumb/v7e-m/fpv4-sp/hard/crti.o
 .ARM.attributes
                0x0000000000000022       0x34 c:/st/stm32cubeide_1.2.0/stm32cubeide/plugins/com.st.stm32cube.ide.mcu.externaltools.gnu-tools-for-stm32.7-2018-q2-update.win32_1.0.0.201904181610/tools/bin/../lib/gcc/arm-none-eabi/7.3.1/thumb/v7e-m/fpv4-sp/hard/crtbegin.o
 .ARM.attributes
                0x0000000000000056       0x39 Common/Src/system_stm32h7xx_dualcore_boot_cm4_cm7.o
 .ARM.attributes
                0x000000000000008f       0x39 Drivers/STM32H7xx_HAL_Driver/Src/stm32h7xx_hal.o
 .ARM.attributes
                0x00000000000000c8       0x39 Drivers/STM32H7xx_HAL_Driver/Src/stm32h7xx_hal_cortex.o
 .ARM.attributes
                0x0000000000000101       0x39 Drivers/STM32H7xx_HAL_Driver/Src/stm32h7xx_hal_hsem.o
 .ARM.attributes
                0x000000000000013a       0x39 Drivers/STM32H7xx_HAL_Driver/Src/stm32h7xx_hal_pwr_ex.o
 .ARM.attributes
                0x0000000000000173       0x39 Drivers/STM32H7xx_HAL_Driver/Src/stm32h7xx_hal_rcc.o
 .ARM.attributes
                0x00000000000001ac       0x39 Drivers/STM32H7xx_HAL_Driver/Src/stm32h7xx_hal_rcc_ex.o
 .ARM.attributes
                0x00000000000001e5       0x39 Src/main.o
 .ARM.attributes
                0x000000000000021e       0x39 Src/stm32h7xx_hal_msp.o
 .ARM.attributes
                0x0000000000000257       0x39 Src/stm32h7xx_it.o
 .ARM.attributes
                0x0000000000000290       0x21 Startup/startup_stm32h745zitx.o
 .ARM.attributes
                0x00000000000002b1       0x34 c:/st/stm32cubeide_1.2.0/stm32cubeide/plugins/com.st.stm32cube.ide.mcu.externaltools.gnu-tools-for-stm32.7-2018-q2-update.win32_1.0.0.201904181610/tools/bin/../lib/gcc/arm-none-eabi/7.3.1/../../../../arm-none-eabi/lib/thumb/v7e-m/fpv4-sp/hard\libc_nano.a(lib_a-init.o)
 .ARM.attributes
                0x00000000000002e5       0x22 c:/st/stm32cubeide_1.2.0/stm32cubeide/plugins/com.st.stm32cube.ide.mcu.externaltools.gnu-tools-for-stm32.7-2018-q2-update.win32_1.0.0.201904181610/tools/bin/../lib/gcc/arm-none-eabi/7.3.1/thumb/v7e-m/fpv4-sp/hard/crtn.o
OUTPUT(EthernetTest_CM4.elf elf32-littlearm)

.debug_info     0x0000000000000000     0xc9d9
 .debug_info    0x0000000000000000     0x109f Common/Src/system_stm32h7xx_dualcore_boot_cm4_cm7.o
 .debug_info    0x000000000000109f     0x204b Drivers/STM32H7xx_HAL_Driver/Src/stm32h7xx_hal.o
 .debug_info    0x00000000000030ea     0x18d0 Drivers/STM32H7xx_HAL_Driver/Src/stm32h7xx_hal_cortex.o
 .debug_info    0x00000000000049ba      0xdbf Drivers/STM32H7xx_HAL_Driver/Src/stm32h7xx_hal_hsem.o
 .debug_info    0x0000000000005779     0x176a Drivers/STM32H7xx_HAL_Driver/Src/stm32h7xx_hal_pwr_ex.o
 .debug_info    0x0000000000006ee3     0x175d Drivers/STM32H7xx_HAL_Driver/Src/stm32h7xx_hal_rcc.o
 .debug_info    0x0000000000008640     0x18f5 Drivers/STM32H7xx_HAL_Driver/Src/stm32h7xx_hal_rcc_ex.o
 .debug_info    0x0000000000009f35     0x10f9 Src/main.o
 .debug_info    0x000000000000b02e      0xe53 Src/stm32h7xx_hal_msp.o
 .debug_info    0x000000000000be81      0xb36 Src/stm32h7xx_it.o
 .debug_info    0x000000000000c9b7       0x22 Startup/startup_stm32h745zitx.o

.debug_abbrev   0x0000000000000000     0x1a53
 .debug_abbrev  0x0000000000000000      0x21f Common/Src/system_stm32h7xx_dualcore_boot_cm4_cm7.o
 .debug_abbrev  0x000000000000021f      0x30d Drivers/STM32H7xx_HAL_Driver/Src/stm32h7xx_hal.o
 .debug_abbrev  0x000000000000052c      0x3b5 Drivers/STM32H7xx_HAL_Driver/Src/stm32h7xx_hal_cortex.o
 .debug_abbrev  0x00000000000008e1      0x2ba Drivers/STM32H7xx_HAL_Driver/Src/stm32h7xx_hal_hsem.o
 .debug_abbrev  0x0000000000000b9b      0x338 Drivers/STM32H7xx_HAL_Driver/Src/stm32h7xx_hal_pwr_ex.o
 .debug_abbrev  0x0000000000000ed3      0x2e2 Drivers/STM32H7xx_HAL_Driver/Src/stm32h7xx_hal_rcc.o
 .debug_abbrev  0x00000000000011b5      0x2c3 Drivers/STM32H7xx_HAL_Driver/Src/stm32h7xx_hal_rcc_ex.o
 .debug_abbrev  0x0000000000001478      0x21b Src/main.o
 .debug_abbrev  0x0000000000001693      0x1e5 Src/stm32h7xx_hal_msp.o
 .debug_abbrev  0x0000000000001878      0x1c9 Src/stm32h7xx_it.o
 .debug_abbrev  0x0000000000001a41       0x12 Startup/startup_stm32h745zitx.o

.debug_aranges  0x0000000000000000      0x788
 .debug_aranges
                0x0000000000000000       0x28 Common/Src/system_stm32h7xx_dualcore_boot_cm4_cm7.o
 .debug_aranges
                0x0000000000000028      0x220 Drivers/STM32H7xx_HAL_Driver/Src/stm32h7xx_hal.o
 .debug_aranges
                0x0000000000000248      0x120 Drivers/STM32H7xx_HAL_Driver/Src/stm32h7xx_hal_cortex.o
 .debug_aranges
                0x0000000000000368       0x70 Drivers/STM32H7xx_HAL_Driver/Src/stm32h7xx_hal_hsem.o
 .debug_aranges
                0x00000000000003d8      0x170 Drivers/STM32H7xx_HAL_Driver/Src/stm32h7xx_hal_pwr_ex.o
 .debug_aranges
                0x0000000000000548       0x88 Drivers/STM32H7xx_HAL_Driver/Src/stm32h7xx_hal_rcc.o
 .debug_aranges
                0x00000000000005d0       0xe8 Drivers/STM32H7xx_HAL_Driver/Src/stm32h7xx_hal_rcc_ex.o
 .debug_aranges
                0x00000000000006b8       0x28 Src/main.o
 .debug_aranges
                0x00000000000006e0       0x20 Src/stm32h7xx_hal_msp.o
 .debug_aranges
                0x0000000000000700       0x60 Src/stm32h7xx_it.o
 .debug_aranges
                0x0000000000000760       0x28 Startup/startup_stm32h745zitx.o

.debug_ranges   0x0000000000000000      0x6e0
 .debug_ranges  0x0000000000000000       0x18 Common/Src/system_stm32h7xx_dualcore_boot_cm4_cm7.o
 .debug_ranges  0x0000000000000018      0x210 Drivers/STM32H7xx_HAL_Driver/Src/stm32h7xx_hal.o
 .debug_ranges  0x0000000000000228      0x110 Drivers/STM32H7xx_HAL_Driver/Src/stm32h7xx_hal_cortex.o
 .debug_ranges  0x0000000000000338       0x60 Drivers/STM32H7xx_HAL_Driver/Src/stm32h7xx_hal_hsem.o
 .debug_ranges  0x0000000000000398      0x160 Drivers/STM32H7xx_HAL_Driver/Src/stm32h7xx_hal_pwr_ex.o
 .debug_ranges  0x00000000000004f8       0x78 Drivers/STM32H7xx_HAL_Driver/Src/stm32h7xx_hal_rcc.o
 .debug_ranges  0x0000000000000570       0xd8 Drivers/STM32H7xx_HAL_Driver/Src/stm32h7xx_hal_rcc_ex.o
 .debug_ranges  0x0000000000000648       0x18 Src/main.o
 .debug_ranges  0x0000000000000660       0x10 Src/stm32h7xx_hal_msp.o
 .debug_ranges  0x0000000000000670       0x50 Src/stm32h7xx_it.o
 .debug_ranges  0x00000000000006c0       0x20 Startup/startup_stm32h745zitx.o

.debug_macro    0x0000000000000000    0x3657c
 .debug_macro   0x0000000000000000      0x27a Common/Src/system_stm32h7xx_dualcore_boot_cm4_cm7.o
 .debug_macro   0x000000000000027a      0xa60 Common/Src/system_stm32h7xx_dualcore_boot_cm4_cm7.o
 .debug_macro   0x0000000000000cda       0x2e Common/Src/system_stm32h7xx_dualcore_boot_cm4_cm7.o
 .debug_macro   0x0000000000000d08       0x3b Common/Src/system_stm32h7xx_dualcore_boot_cm4_cm7.o
 .debug_macro   0x0000000000000d43       0x22 Common/Src/system_stm32h7xx_dualcore_boot_cm4_cm7.o
 .debug_macro   0x0000000000000d65       0x8e Common/Src/system_stm32h7xx_dualcore_boot_cm4_cm7.o
 .debug_macro   0x0000000000000df3       0x51 Common/Src/system_stm32h7xx_dualcore_boot_cm4_cm7.o
 .debug_macro   0x0000000000000e44       0xef Common/Src/system_stm32h7xx_dualcore_boot_cm4_cm7.o
 .debug_macro   0x0000000000000f33       0x6a Common/Src/system_stm32h7xx_dualcore_boot_cm4_cm7.o
 .debug_macro   0x0000000000000f9d      0x1df Common/Src/system_stm32h7xx_dualcore_boot_cm4_cm7.o
 .debug_macro   0x000000000000117c       0x1c Common/Src/system_stm32h7xx_dualcore_boot_cm4_cm7.o
 .debug_macro   0x0000000000001198       0x22 Common/Src/system_stm32h7xx_dualcore_boot_cm4_cm7.o
 .debug_macro   0x00000000000011ba       0xdf Common/Src/system_stm32h7xx_dualcore_boot_cm4_cm7.o
 .debug_macro   0x0000000000001299     0x102d Common/Src/system_stm32h7xx_dualcore_boot_cm4_cm7.o
 .debug_macro   0x00000000000022c6      0x11f Common/Src/system_stm32h7xx_dualcore_boot_cm4_cm7.o
 .debug_macro   0x00000000000023e5    0x26588 Common/Src/system_stm32h7xx_dualcore_boot_cm4_cm7.o
 .debug_macro   0x000000000002896d       0x43 Common/Src/system_stm32h7xx_dualcore_boot_cm4_cm7.o
 .debug_macro   0x00000000000289b0      0x20f Common/Src/system_stm32h7xx_dualcore_boot_cm4_cm7.o
 .debug_macro   0x0000000000028bbf     0x3bd7 Common/Src/system_stm32h7xx_dualcore_boot_cm4_cm7.o
 .debug_macro   0x000000000002c796      0x174 Common/Src/system_stm32h7xx_dualcore_boot_cm4_cm7.o
 .debug_macro   0x000000000002c90a       0x46 Common/Src/system_stm32h7xx_dualcore_boot_cm4_cm7.o
 .debug_macro   0x000000000002c950       0x18 Common/Src/system_stm32h7xx_dualcore_boot_cm4_cm7.o
 .debug_macro   0x000000000002c968       0x3c Common/Src/system_stm32h7xx_dualcore_boot_cm4_cm7.o
 .debug_macro   0x000000000002c9a4       0x34 Common/Src/system_stm32h7xx_dualcore_boot_cm4_cm7.o
 .debug_macro   0x000000000002c9d8       0x52 Common/Src/system_stm32h7xx_dualcore_boot_cm4_cm7.o
 .debug_macro   0x000000000002ca2a       0x1f Common/Src/system_stm32h7xx_dualcore_boot_cm4_cm7.o
 .debug_macro   0x000000000002ca49       0x43 Common/Src/system_stm32h7xx_dualcore_boot_cm4_cm7.o
 .debug_macro   0x000000000002ca8c       0x20 Common/Src/system_stm32h7xx_dualcore_boot_cm4_cm7.o
 .debug_macro   0x000000000002caac      0x1a3 Common/Src/system_stm32h7xx_dualcore_boot_cm4_cm7.o
 .debug_macro   0x000000000002cc4f      0x32a Common/Src/system_stm32h7xx_dualcore_boot_cm4_cm7.o
 .debug_macro   0x000000000002cf79      0x1e1 Common/Src/system_stm32h7xx_dualcore_boot_cm4_cm7.o
 .debug_macro   0x000000000002d15a       0x54 Common/Src/system_stm32h7xx_dualcore_boot_cm4_cm7.o
 .debug_macro   0x000000000002d1ae     0x3b6f Common/Src/system_stm32h7xx_dualcore_boot_cm4_cm7.o
 .debug_macro   0x0000000000030d1d      0xf5a Common/Src/system_stm32h7xx_dualcore_boot_cm4_cm7.o
 .debug_macro   0x0000000000031c77      0x146 Common/Src/system_stm32h7xx_dualcore_boot_cm4_cm7.o
 .debug_macro   0x0000000000031dbd      0x133 Common/Src/system_stm32h7xx_dualcore_boot_cm4_cm7.o
 .debug_macro   0x0000000000031ef0      0x36e Common/Src/system_stm32h7xx_dualcore_boot_cm4_cm7.o
 .debug_macro   0x000000000003225e       0x27 Common/Src/system_stm32h7xx_dualcore_boot_cm4_cm7.o
 .debug_macro   0x0000000000032285      0x72d Common/Src/system_stm32h7xx_dualcore_boot_cm4_cm7.o
 .debug_macro   0x00000000000329b2      0x229 Common/Src/system_stm32h7xx_dualcore_boot_cm4_cm7.o
 .debug_macro   0x0000000000032bdb       0x66 Common/Src/system_stm32h7xx_dualcore_boot_cm4_cm7.o
 .debug_macro   0x0000000000032c41      0x39f Common/Src/system_stm32h7xx_dualcore_boot_cm4_cm7.o
 .debug_macro   0x0000000000032fe0      0x408 Common/Src/system_stm32h7xx_dualcore_boot_cm4_cm7.o
 .debug_macro   0x00000000000333e8      0x244 Common/Src/system_stm32h7xx_dualcore_boot_cm4_cm7.o
 .debug_macro   0x000000000003362c      0x3c6 Common/Src/system_stm32h7xx_dualcore_boot_cm4_cm7.o
 .debug_macro   0x00000000000339f2      0x4a9 Common/Src/system_stm32h7xx_dualcore_boot_cm4_cm7.o
 .debug_macro   0x0000000000033e9b       0x51 Common/Src/system_stm32h7xx_dualcore_boot_cm4_cm7.o
 .debug_macro   0x0000000000033eec       0x4a Common/Src/system_stm32h7xx_dualcore_boot_cm4_cm7.o
 .debug_macro   0x0000000000033f36      0x22c Common/Src/system_stm32h7xx_dualcore_boot_cm4_cm7.o
 .debug_macro   0x0000000000034162       0x58 Common/Src/system_stm32h7xx_dualcore_boot_cm4_cm7.o
 .debug_macro   0x00000000000341ba       0xa5 Common/Src/system_stm32h7xx_dualcore_boot_cm4_cm7.o
 .debug_macro   0x000000000003425f      0x1b9 Common/Src/system_stm32h7xx_dualcore_boot_cm4_cm7.o
 .debug_macro   0x0000000000034418      0x2cb Common/Src/system_stm32h7xx_dualcore_boot_cm4_cm7.o
 .debug_macro   0x00000000000346e3       0x35 Common/Src/system_stm32h7xx_dualcore_boot_cm4_cm7.o
 .debug_macro   0x0000000000034718      0x774 Common/Src/system_stm32h7xx_dualcore_boot_cm4_cm7.o
 .debug_macro   0x0000000000034e8c      0x29e Drivers/STM32H7xx_HAL_Driver/Src/stm32h7xx_hal.o
 .debug_macro   0x000000000003512a      0x274 Drivers/STM32H7xx_HAL_Driver/Src/stm32h7xx_hal_cortex.o
 .debug_macro   0x000000000003539e      0x286 Drivers/STM32H7xx_HAL_Driver/Src/stm32h7xx_hal_hsem.o
 .debug_macro   0x0000000000035624      0x2a4 Drivers/STM32H7xx_HAL_Driver/Src/stm32h7xx_hal_pwr_ex.o
 .debug_macro   0x00000000000358c8      0x298 Drivers/STM32H7xx_HAL_Driver/Src/stm32h7xx_hal_rcc.o
 .debug_macro   0x0000000000035b60      0x292 Drivers/STM32H7xx_HAL_Driver/Src/stm32h7xx_hal_rcc_ex.o
 .debug_macro   0x0000000000035df2      0x284 Src/main.o
 .debug_macro   0x0000000000036076      0x27e Src/stm32h7xx_hal_msp.o
 .debug_macro   0x00000000000362f4      0x288 Src/stm32h7xx_it.o

.debug_line     0x0000000000000000     0x68ce
 .debug_line    0x0000000000000000      0x86c Common/Src/system_stm32h7xx_dualcore_boot_cm4_cm7.o
 .debug_line    0x000000000000086c      0xd1f Drivers/STM32H7xx_HAL_Driver/Src/stm32h7xx_hal.o
 .debug_line    0x000000000000158b      0xb5f Drivers/STM32H7xx_HAL_Driver/Src/stm32h7xx_hal_cortex.o
 .debug_line    0x00000000000020ea      0x906 Drivers/STM32H7xx_HAL_Driver/Src/stm32h7xx_hal_hsem.o
 .debug_line    0x00000000000029f0      0xc5b Drivers/STM32H7xx_HAL_Driver/Src/stm32h7xx_hal_pwr_ex.o
 .debug_line    0x000000000000364b      0xb92 Drivers/STM32H7xx_HAL_Driver/Src/stm32h7xx_hal_rcc.o
 .debug_line    0x00000000000041dd      0xe02 Drivers/STM32H7xx_HAL_Driver/Src/stm32h7xx_hal_rcc_ex.o
 .debug_line    0x0000000000004fdf      0x800 Src/main.o
 .debug_line    0x00000000000057df      0x7e5 Src/stm32h7xx_hal_msp.o
 .debug_line    0x0000000000005fc4      0x88a Src/stm32h7xx_it.o
 .debug_line    0x000000000000684e       0x80 Startup/startup_stm32h745zitx.o

.debug_str      0x0000000000000000   0x16aec2
 .debug_str     0x0000000000000000   0x167e59 Common/Src/system_stm32h7xx_dualcore_boot_cm4_cm7.o
                                     0x168365 (size before relaxing)
 .debug_str     0x0000000000167e59     0x12aa Drivers/STM32H7xx_HAL_Driver/Src/stm32h7xx_hal.o
                                     0x169636 (size before relaxing)
 .debug_str     0x0000000000169103      0x3f4 Drivers/STM32H7xx_HAL_Driver/Src/stm32h7xx_hal_cortex.o
                                     0x168e2d (size before relaxing)
 .debug_str     0x00000000001694f7      0x23f Drivers/STM32H7xx_HAL_Driver/Src/stm32h7xx_hal_hsem.o
                                     0x16827d (size before relaxing)
 .debug_str     0x0000000000169736      0x732 Drivers/STM32H7xx_HAL_Driver/Src/stm32h7xx_hal_pwr_ex.o
                                     0x1689e6 (size before relaxing)
 .debug_str     0x0000000000169e68      0x5a4 Drivers/STM32H7xx_HAL_Driver/Src/stm32h7xx_hal_rcc.o
                                     0x1688c1 (size before relaxing)
 .debug_str     0x000000000016a40c      0x97d Drivers/STM32H7xx_HAL_Driver/Src/stm32h7xx_hal_rcc_ex.o
                                     0x168ca6 (size before relaxing)
 .debug_str     0x000000000016ad89       0x35 Src/main.o
                                     0x16830b (size before relaxing)
 .debug_str     0x000000000016adbe       0x1b Src/stm32h7xx_hal_msp.o
                                     0x168257 (size before relaxing)
 .debug_str     0x000000000016add9       0xb8 Src/stm32h7xx_it.o
                                     0x1680be (size before relaxing)
 .debug_str     0x000000000016ae91       0x31 Startup/startup_stm32h745zitx.o
                                         0x74 (size before relaxing)

.comment        0x0000000000000000       0x7b
 .comment       0x0000000000000000       0x7b Common/Src/system_stm32h7xx_dualcore_boot_cm4_cm7.o
                                         0x7c (size before relaxing)
 .comment       0x000000000000007b       0x7c Drivers/STM32H7xx_HAL_Driver/Src/stm32h7xx_hal.o
 .comment       0x000000000000007b       0x7c Drivers/STM32H7xx_HAL_Driver/Src/stm32h7xx_hal_cortex.o
 .comment       0x000000000000007b       0x7c Drivers/STM32H7xx_HAL_Driver/Src/stm32h7xx_hal_hsem.o
 .comment       0x000000000000007b       0x7c Drivers/STM32H7xx_HAL_Driver/Src/stm32h7xx_hal_pwr_ex.o
 .comment       0x000000000000007b       0x7c Drivers/STM32H7xx_HAL_Driver/Src/stm32h7xx_hal_rcc.o
 .comment       0x000000000000007b       0x7c Drivers/STM32H7xx_HAL_Driver/Src/stm32h7xx_hal_rcc_ex.o
 .comment       0x000000000000007b       0x7c Src/main.o
 .comment       0x000000000000007b       0x7c Src/stm32h7xx_hal_msp.o
 .comment       0x000000000000007b       0x7c Src/stm32h7xx_it.o

.debug_frame    0x0000000000000000     0x1cec
 .debug_frame   0x0000000000000000       0x58 Common/Src/system_stm32h7xx_dualcore_boot_cm4_cm7.o
 .debug_frame   0x0000000000000058      0x8c8 Drivers/STM32H7xx_HAL_Driver/Src/stm32h7xx_hal.o
 .debug_frame   0x0000000000000920      0x4b8 Drivers/STM32H7xx_HAL_Driver/Src/stm32h7xx_hal_cortex.o
 .debug_frame   0x0000000000000dd8      0x1bc Drivers/STM32H7xx_HAL_Driver/Src/stm32h7xx_hal_hsem.o
 .debug_frame   0x0000000000000f94      0x5f4 Drivers/STM32H7xx_HAL_Driver/Src/stm32h7xx_hal_pwr_ex.o
 .debug_frame   0x0000000000001588      0x1ec Drivers/STM32H7xx_HAL_Driver/Src/stm32h7xx_hal_rcc.o
 .debug_frame   0x0000000000001774      0x3b8 Drivers/STM32H7xx_HAL_Driver/Src/stm32h7xx_hal_rcc_ex.o
 .debug_frame   0x0000000000001b2c       0x50 Src/main.o
 .debug_frame   0x0000000000001b7c       0x38 Src/stm32h7xx_hal_msp.o
 .debug_frame   0x0000000000001bb4      0x10c Src/stm32h7xx_it.o
 .debug_frame   0x0000000000001cc0       0x2c c:/st/stm32cubeide_1.2.0/stm32cubeide/plugins/com.st.stm32cube.ide.mcu.externaltools.gnu-tools-for-stm32.7-2018-q2-update.win32_1.0.0.201904181610/tools/bin/../lib/gcc/arm-none-eabi/7.3.1/../../../../arm-none-eabi/lib/thumb/v7e-m/fpv4-sp/hard\libc_nano.a(lib_a-init.o)
