core_cm7.h:2464:22:SCB_InvalidateDCache_by_Addr	32	static,ignoring_inline_asm
ethernetif.c:129:6:HAL_ETH_MspInit	64	static
ethernetif.c:183:6:HAL_ETH_MspDeInit	16	static
ethernetif.c:232:13:low_level_init	32	static
ethernetif.c:338:14:low_level_output	80	static
ethernetif.c:385:22:low_level_input	48	static
ethernetif.c:428:6:ethernetif_input	24	static
ethernetif.c:484:7:ethernetif_init	16	static
ethernetif.c:528:6:pbuf_free_custom	24	static
ethernetif.c:548:7:sys_jiffies	8	static
ethernetif.c:559:7:sys_now	8	static
ethernetif.c:574:9:ETH_PHY_IO_Init	8	static
ethernetif.c:591:9:ETH_PHY_IO_DeInit	4	static
ethernetif.c:603:9:ETH_PHY_IO_ReadReg	24	static
ethernetif.c:620:9:ETH_PHY_IO_WriteReg	24	static
ethernetif.c:634:9:ETH_PHY_IO_GetTick	8	static
ethernetif.c:644:6:ethernet_link_check_state	136	static
